{"text": "2021-01-28 16:50:01.992 | INFO     | logging:callHandlers:1649 - Started server process [5988]\n", "record": {"elapsed": {"repr": "0:00:00.900143", "seconds": 0.900143}, "exception": null, "extra": {}, "file": {"name": "__init__.py", "path": "logging\\__init__.py"}, "function": "callHandlers", "level": {"icon": "\u2139\ufe0f", "name": "INFO", "no": 20}, "line": 1649, "message": "Started server process [5988]", "module": "__init__", "name": "logging", "process": {"id": 5988, "name": "MainProcess"}, "thread": {"id": 8652, "name": "MainThread"}, "time": {"repr": "2021-01-28 16:50:01.992205+02:00", "timestamp": 1611845401.992205}}}
{"text": "2021-01-28 16:50:01.992 | INFO     | logging:callHandlers:1649 - Waiting for application startup.\n", "record": {"elapsed": {"repr": "0:00:00.900143", "seconds": 0.900143}, "exception": null, "extra": {}, "file": {"name": "__init__.py", "path": "logging\\__init__.py"}, "function": "callHandlers", "level": {"icon": "\u2139\ufe0f", "name": "INFO", "no": 20}, "line": 1649, "message": "Waiting for application startup.", "module": "__init__", "name": "logging", "process": {"id": 5988, "name": "MainProcess"}, "thread": {"id": 8652, "name": "MainThread"}, "time": {"repr": "2021-01-28 16:50:01.992205+02:00", "timestamp": 1611845401.992205}}}
{"text": "2021-01-28 16:50:01.992 | INFO     | rro_agent.constructor.cryptography:on_startup:16 - Setup cryptography\n", "record": {"elapsed": {"repr": "0:00:00.900143", "seconds": 0.900143}, "exception": null, "extra": {}, "file": {"name": "cryptography.py", "path": "rro_agent\\constructor\\cryptography.py"}, "function": "on_startup", "level": {"icon": "\u2139\ufe0f", "name": "INFO", "no": 20}, "line": 16, "message": "Setup cryptography", "module": "cryptography", "name": "rro_agent.constructor.cryptography", "process": {"id": 5988, "name": "MainProcess"}, "thread": {"id": 8652, "name": "MainThread"}, "time": {"repr": "2021-01-28 16:50:01.992205+02:00", "timestamp": 1611845401.992205}}}
